ABB 2012-12: ICR debt-free substitution (interest=0)
ABB 2014-03: ICR debt-free substitution (interest=0)
ABB 2015-03: ICR debt-free substitution (interest=0)
ABB 2020-03: CAGR turnaround flag on operating_activity window=5
ABB 2024-09: NPM None due to sales=nan
ABB 2024-09: ROE None due to total_equity=3521.0
ADANIENSOL 2014-03: NPM None due to sales=0.0
ADANIENSOL 2014-03: ICR debt-free substitution (interest=0)
ADANIENSOL 2018-03: CAGR turnaround flag on net_profit window=3
ADANIENSOL 2020-03: CAGR turnaround flag on net_profit window=5
ADANIENSOL 2020-03: CAGR turnaround flag on operating_activity window=5
ADANIENSOL 2024-09: NPM None due to sales=nan
ADANIENSOL 2024-09: ROE None due to total_equity=20985.0
ADANIENT 2024-09: NPM None due to sales=nan
ADANIENT 2024-09: ROE None due to total_equity=41896.0
ADANIGREEN 2021-03: CAGR turnaround flag on net_profit window=3
ADANIGREEN 2022-03: CAGR turnaround flag on net_profit window=3
ADANIGREEN 2022-03: CAGR turnaround flag on net_profit window=5
ADANIGREEN 2023-03: CAGR turnaround flag on net_profit window=3
ADANIGREEN 2023-03: CAGR turnaround flag on net_profit window=5
ADANIGREEN 2023-03: CAGR turnaround flag on eps window=5
ADANIGREEN 2024-03: CAGR turnaround flag on net_profit window=5
ADANIGREEN 2024-03: CAGR turnaround flag on eps window=5
ADANIGREEN 2024-09: NPM None due to sales=nan
ADANIGREEN 2024-09: ROE None due to total_equity=10576.0
ADANIPORTS 2024-09: NPM None due to sales=nan
ADANIPORTS 2024-09: ROE None due to total_equity=57176.0
ADANIPOWER 2016-03: CAGR turnaround flag on net_profit window=3
ADANIPOWER 2021-03: CAGR turnaround flag on net_profit window=3
ADANIPOWER 2022-03: CAGR turnaround flag on net_profit window=3
ADANIPOWER 2022-03: CAGR turnaround flag on net_profit window=5
ADANIPOWER 2022-03: CAGR turnaround flag on eps window=5
ADANIPOWER 2023-03: CAGR turnaround flag on net_profit window=3
ADANIPOWER 2023-03: CAGR turnaround flag on net_profit window=5
ADANIPOWER 2023-03: CAGR turnaround flag on eps window=5
ADANIPOWER 2024-03: CAGR turnaround flag on net_profit window=5
ADANIPOWER 2024-03: CAGR turnaround flag on eps window=5
ADANIPOWER 2024-09: NPM None due to sales=nan
ADANIPOWER 2024-09: ROE None due to total_equity=55954.0
AMBUJACEM 2023-03: NPM None due to sales=nan
AMBUJACEM 2023-03: ROE None due to total_equity=31698.0
AMBUJACEM 2024-09: NPM None due to sales=nan
AMBUJACEM 2024-09: ROE None due to total_equity=50376.0
APOLLOHOSP 2024-09: NPM None due to sales=nan
APOLLOHOSP 2024-09: ROE None due to total_equity=7501.0
ASIANPAINT 2024-09: NPM None due to sales=nan
ASIANPAINT 2024-09: ROE None due to total_equity=18024.0
ATGL 2024-09: NPM None due to sales=nan
ATGL 2024-09: ROE None due to total_equity=3911.0
AXISBANK 2020-03: CAGR turnaround flag on operating_activity window=5
AXISBANK 2021-03: CAGR turnaround flag on operating_activity window=5
AXISBANK 2023-03: CAGR turnaround flag on operating_activity window=5
BAJAJ-AUTO 2024-09: NPM None due to sales=nan
BAJAJ-AUTO 2024-09: ROE None due to total_equity=30979.0
BAJAJFINSV 2021-03: CAGR turnaround flag on operating_activity window=5
BAJAJFINSV 2024-09: NPM None due to sales=nan
BAJAJFINSV 2024-09: ROE None due to total_equity=68325.0
BAJAJHLDNG 2013-03: ICR debt-free substitution (interest=0)
BAJAJHLDNG 2014-03: ICR debt-free substitution (interest=0)
BAJAJHLDNG 2015-03: ICR debt-free substitution (interest=0)
BAJAJHLDNG 2016-03: ICR debt-free substitution (interest=0)
BAJAJHLDNG 2017-03: ICR debt-free substitution (interest=0)
BAJAJHLDNG 2018-03: ICR debt-free substitution (interest=0)
BAJAJHLDNG 2019-03: ICR debt-free substitution (interest=0)
BAJAJHLDNG 2022-03: CAGR turnaround flag on operating_activity window=5
BAJAJHLDNG 2024-09: NPM None due to sales=nan
BAJAJHLDNG 2024-09: ROE None due to total_equity=59823.0
BAJFINANCE 2024-09: NPM None due to sales=nan
BAJFINANCE 2024-09: ROE None due to total_equity=86803.0
BANKBARODA 2019-03: CAGR turnaround flag on net_profit window=3
BANKBARODA 2021-03: CAGR turnaround flag on net_profit window=3
BANKBARODA 2021-03: CAGR turnaround flag on net_profit window=5
BANKBARODA 2021-03: CAGR turnaround flag on eps window=5
BANKBARODA 2023-03: CAGR turnaround flag on net_profit window=5
BANKBARODA 2023-03: CAGR turnaround flag on eps window=5
BEL 2019-03: CAGR turnaround flag on operating_activity window=5
BEL 2022-03: CAGR turnaround flag on operating_activity window=5
BEL 2023-03: CAGR turnaround flag on operating_activity window=5
BEL 2023-03: CAGR turnaround flag on operating_activity window=10
BEL 2024-03: CAGR turnaround flag on operating_activity window=10
BEL 2024-09: NPM None due to sales=nan
BEL 2024-09: ROE None due to total_equity=91.0
BHARTIARTL 2023-03: CAGR turnaround flag on net_profit window=3
BHARTIARTL 2024-03: CAGR turnaround flag on net_profit window=3
BHARTIARTL 2024-09: NPM None due to sales=nan
BHARTIARTL 2024-09: ROE None due to total_equity=87098.0
BHEL 2019-03: CAGR turnaround flag on net_profit window=3
BHEL 2023-03: CAGR turnaround flag on net_profit window=3
BHEL 2024-03: CAGR turnaround flag on net_profit window=3
BHEL 2024-09: NPM None due to sales=nan
BHEL 2024-09: ROE None due to total_equity=24199.0
BOSCHLTD 2013-12: ICR debt-free substitution (interest=0)
BOSCHLTD 2024-09: NPM None due to sales=nan
BOSCHLTD 2024-09: ROE None due to total_equity=12738.0
BPCL 2024-09: NPM None due to sales=nan
BPCL 2024-09: ROE None due to total_equity=77108.0
BRITANNIA 2024-09: NPM None due to sales=nan
BRITANNIA 2024-09: ROE None due to total_equity=3210.0
CANBK 2019-03: CAGR turnaround flag on net_profit window=3
CANBK 2021-03: CAGR turnaround flag on net_profit window=3
CANBK 2021-03: CAGR turnaround flag on net_profit window=5
CANBK 2021-03: CAGR turnaround flag on eps window=5
CANBK 2023-03: CAGR turnaround flag on net_profit window=3
CANBK 2023-03: CAGR turnaround flag on net_profit window=5
CANBK 2023-03: CAGR turnaround flag on eps window=5
CHOLAFIN 2015-03: ICR debt-free substitution (interest=0)
CHOLAFIN 2018-03: ICR debt-free substitution (interest=0)
CHOLAFIN 2020-03: ICR debt-free substitution (interest=0)
CHOLAFIN 2024-09: NPM None due to sales=nan
CHOLAFIN 2024-09: ROE None due to total_equity=21411.0
CIPLA 2024-09: NPM None due to sales=nan
CIPLA 2024-09: ROE None due to total_equity=28363.0
COALINDIA 2024-09: NPM None due to sales=nan
COALINDIA 2024-09: ROE None due to total_equity=96197.0
DABUR 2024-09: NPM None due to sales=nan
DABUR 2024-09: ROE None due to total_equity=10362.0
DIVISLAB 2024-09: NPM None due to sales=nan
DIVISLAB 2024-09: ROE None due to total_equity=13717.0
DLF 2022-03: CAGR turnaround flag on operating_activity window=5
DLF 2023-03: CAGR turnaround flag on net_profit window=3
DLF 2024-09: NPM None due to sales=nan
DLF 2024-09: ROE None due to total_equity=40227.0
DMART 2024-09: NPM None due to sales=nan
DMART 2024-09: ROE None due to total_equity=20138.0
DRREDDY 2024-09: NPM None due to sales=nan
DRREDDY 2024-09: ROE None due to total_equity=30749.0
EICHERMOT 2024-09: NPM None due to sales=nan
EICHERMOT 2024-09: ROE None due to total_equity=18979.0
GAIL 2024-09: NPM None due to sales=nan
GAIL 2024-09: ROE None due to total_equity=83809.0
GODREJCP 2024-09: NPM None due to sales=nan
GODREJCP 2024-09: ROE None due to total_equity=12170.0
GRASIM 2024-09: NPM None due to sales=nan
GRASIM 2024-09: ROE None due to total_equity=92918.0
HAL 2013-03: ROE None due to total_equity=nan
HAL 2014-03: ROE None due to total_equity=nan
HAL 2015-03: ROE None due to total_equity=nan
HAL 2022-03: CAGR turnaround flag on operating_activity window=5
HAL 2023-03: CAGR turnaround flag on operating_activity window=5
HAL 2024-03: CAGR turnaround flag on operating_activity window=5
HAL 2024-09: NPM None due to sales=nan
HAL 2024-09: ROE None due to total_equity=207.0
HAVELLS 2024-09: NPM None due to sales=nan
HAVELLS 2024-09: ROE None due to total_equity=7794.0
HCLTECH 2016-03: NPM None due to sales=nan
HCLTECH 2016-03: ROE None due to total_equity=27391.0
HCLTECH 2024-09: NPM None due to sales=nan
HCLTECH 2024-09: ROE None due to total_equity=68875.0
HDFCBANK 2018-03: CAGR turnaround flag on operating_activity window=5
HDFCBANK 2021-03: CAGR turnaround flag on operating_activity window=5
HDFCBANK 2023-03: CAGR turnaround flag on operating_activity window=10
HDFCBANK 2024-03: CAGR turnaround flag on operating_activity window=5
HDFCLIFE 2024-09: NPM None due to sales=nan
HDFCLIFE 2024-09: ROE None due to total_equity=15604.0
HEROMOTOCO 2024-09: NPM None due to sales=nan
HEROMOTOCO 2024-09: ROE None due to total_equity=19011.0
HINDALCO 2019-03: CAGR turnaround flag on net_profit window=3
HINDALCO 2021-03: CAGR turnaround flag on net_profit window=5
HINDALCO 2021-03: CAGR turnaround flag on eps window=5
HINDALCO 2024-09: NPM None due to sales=nan
HINDALCO 2024-09: ROE None due to total_equity=115176.0
HINDUNILVR 2024-09: NPM None due to sales=nan
HINDUNILVR 2024-09: ROE None due to total_equity=50776.0
ICICIBANK 2020-03: CAGR turnaround flag on operating_activity window=5
ICICIGI 2016-03: ICR debt-free substitution (interest=0)
ICICIGI 2020-03: CAGR turnaround flag on operating_activity window=5
ICICIGI 2024-09: NPM None due to sales=nan
ICICIGI 2024-09: ROE None due to total_equity=13625.0
ICICIPRULI 2016-03: ICR debt-free substitution (interest=0)
ICICIPRULI 2018-03: CAGR turnaround flag on operating_activity window=5
ICICIPRULI 2019-03: CAGR turnaround flag on operating_activity window=5
ICICIPRULI 2023-03: CAGR turnaround flag on operating_activity window=10
ICICIPRULI 2024-09: NPM None due to sales=nan
ICICIPRULI 2024-09: ROE None due to total_equity=11574.0
INDIGO 2024-03: CAGR turnaround flag on net_profit window=3
INDIGO 2024-09: NPM None due to sales=nan
INDIGO 2024-09: ROE None due to total_equity=953.0
INDUSINDBK 2021-03: CAGR turnaround flag on operating_activity window=5
INFY 2016-03: ICR debt-free substitution (interest=0)
INFY 2017-03: ICR debt-free substitution (interest=0)
INFY 2018-03: ICR debt-free substitution (interest=0)
INFY 2019-03: ICR debt-free substitution (interest=0)
INFY 2024-09: NPM None due to sales=nan
INFY 2024-09: ROE None due to total_equity=90463.0
IOC 2023-03: CAGR turnaround flag on net_profit window=3
IOC 2024-09: NPM None due to sales=nan
IOC 2024-09: ROE None due to total_equity=181366.0
IRCTC 2015-03: ICR debt-free substitution (interest=0)
IRCTC 2016-03: ICR debt-free substitution (interest=0)
IRCTC 2024-09: NPM None due to sales=nan
IRCTC 2024-09: ROE None due to total_equity=3523.0
IRFC 2024-03: CAGR turnaround flag on operating_activity window=5
IRFC 2024-09: NPM None due to sales=nan
IRFC 2024-09: ROE None due to total_equity=51465.0
ITC 2024-09: NPM None due to sales=nan
ITC 2024-09: ROE None due to total_equity=75266.0
JINDALSTEL 2021-03: CAGR turnaround flag on net_profit window=3
JINDALSTEL 2021-03: CAGR turnaround flag on net_profit window=5
JINDALSTEL 2021-03: CAGR turnaround flag on eps window=5
JINDALSTEL 2022-03: CAGR turnaround flag on net_profit window=3
JINDALSTEL 2022-03: CAGR turnaround flag on net_profit window=5
JINDALSTEL 2022-03: CAGR turnaround flag on eps window=5
JINDALSTEL 2023-03: CAGR turnaround flag on net_profit window=3
JINDALSTEL 2023-03: CAGR turnaround flag on net_profit window=5
JINDALSTEL 2023-03: CAGR turnaround flag on eps window=5
JINDALSTEL 2024-03: CAGR turnaround flag on net_profit window=5
JINDALSTEL 2024-03: CAGR turnaround flag on eps window=5
JINDALSTEL 2024-09: NPM None due to sales=nan
JINDALSTEL 2024-09: ROE None due to total_equity=47341.0
JIOFIN 2023-03: ICR debt-free substitution (interest=0)
JIOFIN 2024-09: NPM None due to sales=nan
JIOFIN 2024-09: ROE None due to total_equity=137144.0
JSWENERGY 2024-09: NPM None due to sales=nan
JSWENERGY 2024-09: ROE None due to total_equity=27971.0
JSWSTEEL 2019-03: CAGR turnaround flag on net_profit window=3
JSWSTEEL 2021-03: CAGR turnaround flag on net_profit window=5
JSWSTEEL 2021-03: CAGR turnaround flag on eps window=5
JSWSTEEL 2024-09: NPM None due to sales=nan
JSWSTEEL 2024-09: ROE None due to total_equity=79666.0
LICI 2019-03: ICR debt-free substitution (interest=0)
LICI 2020-03: ICR debt-free substitution (interest=0)
LICI 2021-03: ICR debt-free substitution (interest=0)
LICI 2022-03: ICR debt-free substitution (interest=0)
LICI 2024-09: NPM None due to sales=nan
LICI 2024-09: ROE None due to total_equity=97637.0
LODHA 2024-03: CAGR turnaround flag on operating_activity window=5
LODHA 2024-09: NPM None due to sales=nan
LODHA 2024-09: ROE None due to total_equity=18184.0
LT 2020-03: CAGR turnaround flag on operating_activity window=5
LT 2021-03: CAGR turnaround flag on operating_activity window=5
LT 2023-03: CAGR turnaround flag on operating_activity window=5
LT 2023-03: CAGR turnaround flag on operating_activity window=10
LT 2024-03: CAGR turnaround flag on operating_activity window=5
LT 2024-03: CAGR turnaround flag on operating_activity window=10
LT 2024-09: NPM None due to sales=nan
LT 2024-09: ROE None due to total_equity=21075.0
LTIM 2024-09: NPM None due to sales=nan
LTIM 2024-09: ROE None due to total_equity=21075.0
M&M 2018-03: CAGR turnaround flag on operating_activity window=5
M&M 2023-03: CAGR turnaround flag on net_profit window=3
M&M 2024-09: NPM None due to sales=nan
M&M 2024-09: ROE None due to total_equity=70502.0
MARUTI 2024-09: NPM None due to sales=nan
MARUTI 2024-09: ROE None due to total_equity=89126.0
MOTHERSON 2024-09: NPM None due to sales=nan
MOTHERSON 2024-09: ROE None due to total_equity=32634.0
NAUKRI 2018-03: CAGR turnaround flag on net_profit window=3
NAUKRI 2022-03: CAGR turnaround flag on net_profit window=5
NAUKRI 2022-03: CAGR turnaround flag on eps window=5
NAUKRI 2024-09: NPM None due to sales=nan
NAUKRI 2024-09: ROE None due to total_equity=41788.0
NESTLEIND 2024-09: NPM None due to sales=nan
NESTLEIND 2024-09: ROE None due to total_equity=3990.0
NHPC 2024-09: NPM None due to sales=nan
NHPC 2024-09: ROE None due to total_equity=40149.0
NTPC 2024-09: NPM None due to sales=nan
NTPC 2024-09: ROE None due to total_equity=168272.0
ONGC 2024-09: NPM None due to sales=nan
ONGC 2024-09: ROE None due to total_equity=352276.0
PFC 2024-09: NPM None due to sales=nan
PFC 2024-09: ROE None due to total_equity=110046.0
PIDILITIND 2024-09: NPM None due to sales=nan
PIDILITIND 2024-09: ROE None due to total_equity=8715.0
PNB 2021-03: CAGR turnaround flag on net_profit window=3
PNB 2021-03: CAGR turnaround flag on net_profit window=5
PNB 2021-03: CAGR turnaround flag on eps window=5
PNB 2022-03: CAGR turnaround flag on net_profit window=3
PNB 2023-03: CAGR turnaround flag on net_profit window=5
PNB 2023-03: CAGR turnaround flag on eps window=5
PNB 2023-03: CAGR turnaround flag on operating_activity window=5
PNB 2023-03: CAGR turnaround flag on operating_activity window=10
PNB 2024-03: CAGR turnaround flag on net_profit window=5
PNB 2024-03: CAGR turnaround flag on eps window=5
POWERGRID 2024-09: NPM None due to sales=nan
POWERGRID 2024-09: ROE None due to total_equity=92061.0
RECLTD 2024-09: NPM None due to sales=nan
RECLTD 2024-09: ROE None due to total_equity=73510.0
RELIANCE 2024-09: NPM None due to sales=nan
RELIANCE 2024-09: ROE None due to total_equity=819453.0
SBILIFE 2020-03: ICR debt-free substitution (interest=0)
SBILIFE 2021-03: ICR debt-free substitution (interest=0)
SBILIFE 2022-03: ICR debt-free substitution (interest=0)
SBILIFE 2024-09: NPM None due to sales=nan
SBILIFE 2024-09: ROE None due to total_equity=16259.0
SBIN 2013-03: ROE None due to total_equity=nan
SBIN 2014-03: ROE None due to total_equity=nan
SBIN 2015-03: ROE None due to total_equity=nan
SBIN 2016-03: ROE None due to total_equity=nan
SBIN 2017-03: ROE None due to total_equity=nan
SBIN 2018-03: ROE None due to total_equity=nan
SBIN 2019-03: ROE None due to total_equity=nan
SBIN 2020-03: ROE None due to total_equity=nan
SBIN 2020-03: CAGR turnaround flag on net_profit window=3
SBIN 2021-03: ROE None due to total_equity=nan
SBIN 2021-03: CAGR turnaround flag on net_profit window=3
SBIN 2022-03: ROE None due to total_equity=nan
SBIN 2022-03: CAGR turnaround flag on net_profit window=5
SBIN 2023-03: ROE None due to total_equity=nan
SBIN 2023-03: CAGR turnaround flag on net_profit window=5
SBIN 2023-03: CAGR turnaround flag on eps window=5
SBIN 2024-03: ROE None due to total_equity=nan
SHREECEM 2016-03: NPM None due to sales=nan
SHREECEM 2016-03: ROE None due to total_equity=6846.0
SHREECEM 2024-09: NPM None due to sales=nan
SHREECEM 2024-09: ROE None due to total_equity=20879.0
SHRIRAMFIN 2024-09: NPM None due to sales=nan
SHRIRAMFIN 2024-09: ROE None due to total_equity=52392.0
SUNPHARMA 2024-09: NPM None due to sales=nan
SUNPHARMA 2024-09: ROE None due to total_equity=69115.0
TATACONSUM 2019-03: CAGR turnaround flag on net_profit window=3
TATACONSUM 2021-03: CAGR turnaround flag on net_profit window=5
TATACONSUM 2024-09: NPM None due to sales=nan
TATACONSUM 2024-09: ROE None due to total_equity=19132.0
TATAMOTORS 2023-03: CAGR turnaround flag on net_profit window=3
TATAMOTORS 2024-03: CAGR turnaround flag on net_profit window=3
TATAMOTORS 2024-03: CAGR turnaround flag on net_profit window=5
TATAMOTORS 2024-03: CAGR turnaround flag on eps window=5
TATAMOTORS 2024-09: NPM None due to sales=nan
TATAMOTORS 2024-09: ROE None due to total_equity=101062.0
TATAPOWER 2019-03: CAGR turnaround flag on eps window=5
TATAPOWER 2024-09: NPM None due to sales=nan
TATAPOWER 2024-09: ROE None due to total_equity=33680.0
TATASTEEL 2018-03: CAGR turnaround flag on net_profit window=3
TATASTEEL 2018-03: CAGR turnaround flag on net_profit window=5
TATASTEEL 2018-03: CAGR turnaround flag on eps window=5
TATASTEEL 2019-03: CAGR turnaround flag on net_profit window=3
TATASTEEL 2020-03: CAGR turnaround flag on net_profit window=3
TATASTEEL 2020-03: CAGR turnaround flag on net_profit window=5
TATASTEEL 2020-03: CAGR turnaround flag on eps window=5
TATASTEEL 2021-03: CAGR turnaround flag on net_profit window=5
TATASTEEL 2022-03: CAGR turnaround flag on net_profit window=5
TATASTEEL 2022-03: CAGR turnaround flag on eps window=5
TATASTEEL 2024-09: NPM None due to sales=nan
TATASTEEL 2024-09: ROE None due to total_equity=90147.0
TCS 2024-09: NPM None due to sales=nan
TCS 2024-09: ROE None due to total_equity=101495.0
TECHM 2024-09: NPM None due to sales=nan
TECHM 2024-09: ROE None due to total_equity=26446.0
TITAN 2019-03: CAGR turnaround flag on operating_activity window=5
TITAN 2023-03: CAGR turnaround flag on operating_activity window=5
TITAN 2024-03: CAGR turnaround flag on operating_activity window=10
TITAN 2024-09: NPM None due to sales=nan
TITAN 2024-09: ROE None due to total_equity=9736.0
TORNTPHARM 2024-09: NPM None due to sales=nan
TORNTPHARM 2024-09: ROE None due to total_equity=7504.0
TRENT 2016-03: CAGR turnaround flag on net_profit window=3
TRENT 2017-03: CAGR turnaround flag on net_profit window=3
TRENT 2018-03: CAGR turnaround flag on net_profit window=5
TRENT 2018-03: CAGR turnaround flag on eps window=5
TRENT 2019-03: CAGR turnaround flag on net_profit window=5
TRENT 2019-03: CAGR turnaround flag on eps window=5
TRENT 2019-03: CAGR turnaround flag on operating_activity window=5
TRENT 2020-03: CAGR turnaround flag on operating_activity window=5
TRENT 2024-03: CAGR turnaround flag on net_profit window=3
TRENT 2024-03: CAGR turnaround flag on operating_activity window=10
TRENT 2024-09: NPM None due to sales=nan
TRENT 2024-09: ROE None due to total_equity=4680.0
TVSMOTOR 2024-09: NPM None due to sales=nan
TVSMOTOR 2024-09: ROE None due to total_equity=7760.0